// Jest Snapshot v1, https://goo.gl/fbAQLP

exports[`SidebarNav should match snapshot 1`] = `
<scale-ssr-slot-fix>
  <!---->
</scale-ssr-slot-fix>
`;
