// Jest Snapshot v1, https://goo.gl/fbAQLP

exports[`Breadcrumb should match snapshot 1`] = `
<scale-breadcrumb>
  <mock:shadow-root></mock:shadow-root>
</scale-breadcrumb>
`;
