// Jest Snapshot v1, https://goo.gl/fbAQLP

exports[`ListItem should match snapshot 1`] = `
<scale-list-item role="listitem">
  <mock:shadow-root>
    <div class="list-item list-item--unordered" part="base unordered">
      <slot></slot>
      <div class="list-item__nested-list" hidden="" part="nested-list">
        <slot name="nested"></slot>
      </div>
    </div>
  </mock:shadow-root>
  default
</scale-list-item>
`;
